// Jest Snapshot v1, https://goo.gl/fbAQLP

exports[`should take a snapshot 1`] = `
<DocumentFragment>
  <div
    class="w-full text-left px-3 mb-6"
  >
    <label
      class="block tracking-wide text-gray-700 text-xs font-bold mb-2"
      data-testid="label"
    />
    <input
      class="appearance-none block w-full text-gray-700 border rounded py-3 px-4 mb-3 leading-tight focus:outline-none focus:bg-white"
      data-testid="control"
      type="text"
      value=""
    />
  </div>
</DocumentFragment>
`;
